# dune exec -- ./eval.exe Test/Bon/test1.sml
# OCAMLPARAM: unset
# Shared cache: enabled-except-user-rules
# Shared cache location: /home/luminary/.cache/dune/db
# Workspace root: "/home/luminary/Documents/L3/Semestre 2/Programmation
# fonctionnel/Projet/analyseur-synthaxique/Projet"
# Auto-detected concurrency: 8
# Dune context:
#  { name = "default"
#  ; kind = "default"
#  ; profile = Dev
#  ; merlin = true
#  ; fdo_target_exe = None
#  ; build_dir = In_build_dir "default"
#  ; instrument_with = []
#  }
$ /home/luminary/.opam/prog/bin/ocamlc.opt -config > /tmp/dune_128032_output
$ (cd _build/default && /home/luminary/.opam/prog/bin/ocamldep.opt -modules -impl evaluateur.ml) > _build/default/.eval.eobjs/dune__exe__Evaluateur.impl.d
$ (cd _build/default && /home/luminary/.opam/prog/bin/ocamldep.opt -modules -impl verif.ml) > _build/default/.eval.eobjs/dune__exe__Verif.impl.d
$ (cd _build/default && /home/luminary/.opam/prog/bin/ocamlc.opt -w @1..3@5..28@30..39@43@46..47@49..57@61..62-40 -strict-sequence -strict-formats -short-paths -keep-locs -g -bin-annot -bin-annot-occurrences -I .eval.eobjs/byte -no-alias-deps -opaque -open Dune__exe -o .eval.eobjs/byte/dune__exe__Evaluateur.cmo -c -impl evaluateur.ml)
> File "evaluateur.ml", line 4, characters 14-18:
> 4 | let eval_expr expr = failwith "Not yet implemented"
>                   ^^^^
> Error (warning 27 [unused-var-strict]): unused variable expr.
>
> File "evaluateur.ml", line 10, characters 14-18:
> 10 | let eval_prog prog  = failwith "Not yet implemented"
>                    ^^^^
> Error (warning 27 [unused-var-strict]): unused variable prog.
[2]
$ (cd _build/default && /home/luminary/.opam/prog/bin/ocamlc.opt -w @1..3@5..28@30..39@43@46..47@49..57@61..62-40 -strict-sequence -strict-formats -short-paths -keep-locs -g -bin-annot -bin-annot-occurrences -I .eval.eobjs/byte -no-alias-deps -opaque -open Dune__exe -o .eval.eobjs/byte/dune__exe__Verif.cmo -c -impl verif.ml)
> File "verif.ml", line 5, characters 15-19:
> 5 | let verif_expr expr t = failwith "Not yet implemented"
>                    ^^^^
> Error (warning 27 [unused-var-strict]): unused variable expr.
>
> File "verif.ml", line 5, characters 20-21:
> 5 | let verif_expr expr t = failwith "Not yet implemented"
>                         ^
> Error (warning 27 [unused-var-strict]): unused variable t.
>
> File "verif.ml", line 9, characters 19-27:
> 9 | let verif_decl_fun fonction = failwith "Not yet implemented"
>                        ^^^^^^^^
> Error (warning 27 [unused-var-strict]): unused variable fonction.
>
> File "verif.ml", line 13, characters 15-23:
> 13 | let verif_prog simpleML = failwith "Not yet implemented"
>                     ^^^^^^^^
> Error (warning 27 [unused-var-strict]): unused variable simpleML.
[2]
